
> doorstep-frontend@0.1.0 build
> next build --debug

▲ Next.js 16.2.4 (Turbopack)
- Environments: .env.local

  Creating an optimized production build ...
✓ Compiled successfully in 4.5min
  Running TypeScript ...
  Finished TypeScript in 66s ...
  Collecting page data using 15 workers ...
  Generating static pages using 15 workers (0/53) ...
  Generating static pages using 15 workers (13/53) 
  Generating static pages using 15 workers (26/53) 
  Generating static pages using 15 workers (39/53) 
✓ Generating static pages using 15 workers (53/53) in 1041ms
  Finalizing page optimization ...


Redirects
┌ source: /:path+/
├ destination: /:path+
└ permanent: true


Rewrites
┌ source: /api/:path*
└ destination: http://127.0.0.1:4000/api/:path*

┌ source: /storage/:path*
└ destination: http://127.0.0.1:4000/storage/:path*


Route (app)
┌ ○ /
├ ○ /_not-found
├ ƒ /[slug]
├ ○ /about
├ ○ /account
├ ○ /accountant
├ ƒ /accountant/[...slug]
├ ○ /accountant/assigned-users
├ ƒ /accountant/assigned-users/[id]
├ ○ /accountant/dashboard
├ ○ /accountant/documents
├ ○ /accountant/service-requests
├ ƒ /accountant/service-requests/[id]
├ ƒ /admin/[...slug]
├ ○ /admin/accountants
├ ƒ /admin/accountants/[id]
├ ○ /admin/categories
├ ○ /admin/categories/create
├ ƒ /admin/categories/edit/[id]
├ ○ /admin/dashboard
├ ○ /admin/enquiries
├ ○ /admin/regional-managers
├ ƒ /admin/regional-managers/[id]
├ ○ /admin/service-applications
├ ƒ /admin/service-applications/[id]
├ ○ /admin/services
├ ○ /admin/services/create
├ ƒ /admin/services/edit/[id]
├ ○ /admin/users
├ ƒ /admin/users/[id]
├ ƒ /api/auth/[...nextauth]
├ ○ /apply-service
├ ○ /cart
├ ○ /coming-soon
├ ○ /confidentiality
├ ○ /contact
├ ○ /dashboard
├ ƒ /dashboard/[...slug]
├ ○ /dashboard/account
├ ○ /dashboard/certificates
├ ƒ /dashboard/documents
├ ○ /dashboard/orders
├ ○ /dashboard/reports
├ ○ /dashboard/services
├ ƒ /dashboard/services/[id]
├ ○ /dashboard/transactions
├ ○ /disclaimer
├ ○ /forbidden
├ ○ /forgot-password
├ ○ /login
├ ○ /maintenance
├ ○ /my-services
├ ○ /payment-failed
├ ƒ /payment-success
├ ○ /privacy
├ ○ /refund
├ ○ /register
├ ƒ /reset-password/[token]
├ ○ /rm
├ ƒ /rm/[...slug]
├ ○ /rm/assigned-users
├ ○ /rm/dashboard
├ ○ /service-application
├ ƒ /service/[slug]
├ ○ /services
├ ƒ /services/[slug]
├ ○ /terms
├ ○ /thank-you
└ ○ /unauthorized


ƒ Proxy (Middleware)

○  (Static)   prerendered as static content
ƒ  (Dynamic)  server-rendered on demand

